c:\conflictualmas\build\main.dir\debug\vc145.pdb
c:\conflictualmas\build\main.dir\debug\pso.obj
c:\conflictualmas\build\main.dir\debug\vns.obj
c:\conflictualmas\build\main.dir\debug\grasp.obj
c:\conflictualmas\build\main.dir\debug\aco.obj
c:\conflictualmas\build\main.dir\debug\memory.obj
c:\conflictualmas\build\main.dir\debug\pathfinding.obj
c:\conflictualmas\build\main.dir\debug\maprenderer.obj
c:\conflictualmas\build\main.dir\debug\geoboxmanager.obj
c:\conflictualmas\build\main.dir\debug\box.obj
c:\conflictualmas\build\main.dir\debug\globalsolutionconstructor.obj
c:\conflictualmas\build\main.dir\debug\metaagent.obj
c:\conflictualmas\build\main.dir\debug\agent.obj
c:\conflictualmas\build\main.dir\debug\utility.obj
c:\conflictualmas\build\main.dir\debug\main.obj
c:\conflictualmas\build\main.dir\debug\planningcomparisontest.obj
c:\conflictualmas\build\main.dir\debug\graphsearch.obj
c:\conflictualmas\build\main.dir\debug\timepaths.obj
c:\conflictualmas\build\main.dir\debug\policykit.obj
c:\conflictualmas\build\main.dir\debug\mappo.obj
c:\conflictualmas\build\main.dir\debug\mapperinspired.obj
c:\conflictualmas\build\main.dir\debug\ippo.obj
c:\conflictualmas\build\main.dir\debug\hybrid.obj
c:\conflictualmas\build\main.dir\debug\bidpolicy.obj
c:\conflictualmas\build\main.dir\debug\tdastar.obj
c:\conflictualmas\build\main.dir\debug\tam.obj
c:\conflictualmas\build\main.dir\debug\dbvns.obj
c:\conflictualmas\build\main.dir\debug\manager.obj
c:\conflictualmas\build\main.dir\debug\ca.obj
c:\conflictualmas\build\main.dir\debug\solverframework.obj
c:\conflictualmas\build\main.dir\debug\rmca.obj
c:\conflictualmas\build\main.dir\debug\alns.obj
c:\conflictualmas\build\main.dir\debug\episodemanager.obj
c:\conflictualmas\build\main.dir\debug\episode.obj
c:\conflictualmas\build\main.dir\debug\temporalgraph.obj
c:\conflictualmas\build\main.dir\debug\temporalchainlist.obj
c:\conflictualmas\build\main.dir\debug\ghosttrafficcontroller.obj
c:\conflictualmas\build\main.dir\debug\scenarioconfig.obj
c:\conflictualmas\build\main.dir\debug\trainer.obj
c:\conflictualmas\build\main.dir\debug\runner.obj
c:\conflictualmas\build\main.dir\debug\temporalchainlisttest.obj
c:\conflictualmas\build\main.dir\debug\tammctest.obj
c:\conflictualmas\build\main.dir\debug\structuretests.obj
c:\conflictualmas\build\main.dir\debug\regressiontests.obj
c:\conflictualmas\build\main.dir\debug\moduletests.obj
c:\conflictualmas\build\main.dir\debug\mechanicstests.obj
c:\conflictualmas\build\main.dir\debug\geoboxconnectivitytest.obj
c:\conflictualmas\build\main.dir\debug\endtoendtests.obj
c:\conflictualmas\build\main.dir\debug\congestiononlytest.obj
c:\conflictualmas\build\main.dir\debug\tp.obj
c:\conflictualmas\build\main.dir\debug\hapc.obj
c:\conflictualmas\build\main.dir\debug\pdptests.obj
c:\conflictualmas\build\main.dir\debug\operableenvironment.obj
c:\conflictualmas\build\main.dir\debug\agentsolution.obj
c:\conflictualmas\build\main.dir\debug\taskagent.obj
c:\conflictualmas\build\main.dir\debug\deliveryagent.obj
c:\conflictualmas\build\main.dir\debug\metrics.obj
c:\conflictualmas\build\main.dir\debug\trainingsmoketest.obj
c:\conflictualmas\build\main.dir\debug\eventstream.obj
c:\conflictualmas\build\main.dir\debug\congestionmap.obj
c:\conflictualmas\build\main.dir\debug\objectivecache.obj
c:\conflictualmas\build\main.dir\debug\cityconfig.obj
c:\conflictualmas\build\main.dir\debug\runnermovement.obj
c:\conflictualmas\build\main.dir\debug\runnerallocation.obj
c:\conflictualmas\build\main.dir\debug\movingghosts.obj
c:\conflictualmas\build\main.dir\debug\lsm.obj
c:\conflictualmas\build\main.dir\debug\movementpolicy.obj
c:\conflictualmas\build\main.dir\debug\runnerprediction.obj
c:\conflictualmas\build\cmakefiles\generate.stamp
c:\conflictualmas\build\debug\main.exe
c:\conflictualmas\build\debug\main.pdb
c:\conflictualmas\build\main.dir\debug\main.ilk
c:\conflictualmas\build\main.dir\debug\amazontest.obj
c:\conflictualmas\build\main.dir\debug\comparisontest.obj
c:\conflictualmas\build\main.dir\debug\episodeconfig.obj
c:\conflictualmas\build\main.dir\debug\episodegenerator.obj
c:\conflictualmas\build\main.dir\debug\episoderunner.obj
c:\conflictualmas\build\main.dir\debug\faithfulmapperpolicy.obj
c:\conflictualmas\build\main.dir\debug\globalmemory.obj
c:\conflictualmas\build\main.dir\debug\hybridpolicy.obj
c:\conflictualmas\build\main.dir\debug\ippopolicy.obj
c:\conflictualmas\build\main.dir\debug\ivnssolver.obj
c:\conflictualmas\build\main.dir\debug\legacytests.obj
c:\conflictualmas\build\main.dir\debug\lkhsolver.obj
c:\conflictualmas\build\main.dir\debug\localsolutionagent.obj
c:\conflictualmas\build\main.dir\debug\mapperpolicy.obj
c:\conflictualmas\build\main.dir\debug\mca.obj
c:\conflictualmas\build\main.dir\debug\multicitytrainer.obj
c:\conflictualmas\build\main.dir\debug\objectivedmpolicy.obj
c:\conflictualmas\build\main.dir\debug\overpassapi.obj
c:\conflictualmas\build\main.dir\debug\taskallocationmodule.obj
c:\conflictualmas\build\main.dir\debug\timedpath.obj
c:\conflictualmas\build\main.dir\debug\traininglogger.obj
c:\conflictualmas\build\main.dir\debug\main.tlog\cl.command.1.tlog
c:\conflictualmas\build\main.dir\debug\main.tlog\cl.items.tlog
c:\conflictualmas\build\main.dir\debug\main.tlog\cl.read.1.tlog
c:\conflictualmas\build\main.dir\debug\main.tlog\cl.write.1.tlog
c:\conflictualmas\build\main.dir\debug\main.tlog\custombuild.command.1.tlog
c:\conflictualmas\build\main.dir\debug\main.tlog\custombuild.read.1.tlog
c:\conflictualmas\build\main.dir\debug\main.tlog\custombuild.write.1.tlog
c:\conflictualmas\build\main.dir\debug\main.tlog\link.command.1.tlog
c:\conflictualmas\build\main.dir\debug\main.tlog\link.read.1.tlog
c:\conflictualmas\build\main.dir\debug\main.tlog\link.secondary.1.tlog
c:\conflictualmas\build\main.dir\debug\main.tlog\link.write.1.tlog
