
=== ConflictualMAS ===

  1  Legacy      (orienteering / GeoBox / render / PDP utils)
  2  Tests       (submenu: A structure B mechanics C modules D e2e E all)
  3  Training    (MAPPO + IPPO + MAPPER, paper protocol)
  4  Evaluation  (RL + RMCA + TP + CA + HAPC)
  5  MovementRL  (PPO replan gate, frozen MAPPO bid)
  6  LSM         (congestion prediction readout pretrain)

Choice: 
[Tests]  A Structure  B Mechanics  C Modules  D EndToEnd  R Regression  E All   |   G CongestionDiag  P PlanningCompare
Choice: 
=== R. Regression (golden values) ===
=== Chargement de GeoBox ===
Fichier: C:\ConflictualMAS\src\geobox_cache_folder/smoke_test.json
Cache version: "1.0"
GeoBox chargée avec succès!
  Nodes: 33179
  Ways: 39877
  Objective groups: 0
  [1] Structure OK  E33179 nodes / 39877 ways
  [2] Scenario grid OK  E27 combos
[PDPServerMemory] Initialized 0 group caches
[PDPServerMemory] Initialized 0 group caches
  [3] RL TAA  observed  Eappeared=36 completed=3 thr=0.0833333 cong=1.005
  [3] RL TAA  OK  Eappeared=36 completed=3 thr=0.0833333
[PDPServerMemory] Initialized 0 group caches
[PDPServerMemory] Initialized 0 group caches
  [3] RL RMCA observed  Eappeared=36 completed=5 thr=0.138889 cong=1.005
  [3] RL RMCA OK  Eappeared=36 completed=5 thr=0.138889
  [4] SoTA CA   observed  Eappeared=36 completed=1 thr=0.0277778
  [4] SoTA CA   OK  Eappeared=36 completed=1
  [4] SoTA HAPC observed  Eappeared=36 completed=1 thr=0.0277778
  [4] SoTA HAPC OK  Eappeared=36 completed=1
=== R PASS ===
